slack
steam
spotify
notion-snap-reborn
code --classic
